// Jest Snapshot v1, https://goo.gl/fbAQLP

exports[`Chirp matches a snapshot 1`] = `
<section
  className="sc-bdVaJa gyTtzj"
>
  <img
    alt="prof-pic"
    height="40px"
    src="../../assets/prof-pic.png"
  />
  <div
    className="info"
  >
    <h4
      className="name"
    >
      UserName
    </h4>
    <p
      className="handle"
    >
      @userhandle
    </p>
    <p
      className="body"
    >
      My name is somewhat extravagant, and I want to cut back. Its the good costumes, all year long. #mybite #randomtweet
    </p>
  </div>
</section>
`;
