// Jest Snapshot v1, https://goo.gl/fbAQLP

exports[`ChirpModal matches a snapshot 1`] = `null`;
