// Jest Snapshot v1, https://goo.gl/fbAQLP

exports[`Header snapshot can match a snapshot 1`] = `
Array [
  <p>
    My Blog
  </p>,
  <nav
    className="Header"
  >
    <span>
      <a
        href="/"
        onClick={[Function]}
      >
        Home
      </a>
    </span>
    <span>
      <a
        href="/login"
        onClick={[Function]}
      >
        Login
      </a>
    </span>
    <span>
      <a
        href="/posts"
        onClick={[Function]}
      >
        Posts
      </a>
    </span>
    <span>
      <a
        href="/about"
        onClick={[Function]}
      >
        About
      </a>
    </span>
  </nav>,
]
`;
