// Jest Snapshot v1, https://goo.gl/fbAQLP

exports[`Login snapshot can match a snapshot 1`] = `null`;
