// Jest Snapshot v1, https://goo.gl/fbAQLP

exports[`Post Detail snapshot can match a snapshot 1`] = `
Array [
  <p>
    My Blog
  </p>,
  <nav>
    <span>
      <a
        href="/"
        onClick={[Function]}
      >
        Home
      </a>
    </span>
    <span>
      <a
        href="/login"
        onClick={[Function]}
      >
        Login
      </a>
    </span>
    <span>
      <a
        href="/posts"
        onClick={[Function]}
      >
        Posts
      </a>
    </span>
    <span>
      <a
        href="/about"
        onClick={[Function]}
      >
        About
      </a>
    </span>
  </nav>,
  <section>
    <h3>
      Post Detail
    </h3>
    <div>
      <h4>
        Post Title
      </h4>
      <p>
        aut dicta possimus sint mollitia voluptas commodi quo doloremque iste corrupti reiciendis voluptatem eius rerum sit cumque quod eligendi laborum minima perferendis recusandae assumenda consectetur porro architecto ipsum ipsam.
      </p>
    </div>
  </section>,
  <p>
    Copyright 2019
  </p>,
]
`;
