// Jest Snapshot v1, https://goo.gl/fbAQLP

exports[`Posts snapshot can match a snapshot 1`] = `
Array [
  <p>
    My Blog
  </p>,
  <nav
    className="Header"
  >
    <span>
      <a
        href="/"
        onClick={[Function]}
      >
        Home
      </a>
    </span>
    <span>
      <a
        href="/login"
        onClick={[Function]}
      >
        Login
      </a>
    </span>
    <span>
      <a
        href="/posts"
        onClick={[Function]}
      >
        Posts
      </a>
    </span>
    <span>
      <a
        href="/about"
        onClick={[Function]}
      >
        About
      </a>
    </span>
  </nav>,
  <section>
    <h1>
      List of Posts
    </h1>
    <ul
      className="Posts"
    >
      <li>
        Post#1 Title
      </li>
      <li>
        Post#2 Title
      </li>
      <li>
        Post#2 Title
      </li>
    </ul>
  </section>,
  <p
    className="Footer"
  >
    Carmen Health Blog Copyright 2019
  </p>,
]
`;
