// Jest Snapshot v1, https://goo.gl/fbAQLP

exports[`Chirps component matches a snapshot 1`] = `
<ul
  className="sc-iwsKbI jzeEWW"
>
  <li>
    <article
      className="sc-jzJRlG dFsfHb"
    >
      <header
        className="sc-chPdSV iJfIXb"
      >
        <img
          alt="Ray"
          className="sc-jTzLTM fkBueS"
          src="http://cdn.onlinewebfonts.com/svg/img_191958.png"
        />
        <h2
          className="sc-cSHVUG eRmrdv"
        >
          Ray
           
          <span
            className="sc-fjdhpX FzRiJ"
          >
            @stingraymond
          </span>
        </h2>
      </header>
      <p
        className="sc-gqjmRU sc-kAzzGY ctCWvU"
      >
        tweet tweet tweet
      </p>
    </article>
  </li>
  <li>
    <article
      className="sc-jzJRlG dFsfHb"
    >
      <header
        className="sc-chPdSV iJfIXb"
      >
        <img
          alt="Kaiya"
          className="sc-jTzLTM fkBueS"
          src="http://cdn.onlinewebfonts.com/svg/img_191958.png"
        />
        <h2
          className="sc-cSHVUG eRmrdv"
        >
          Kaiya
           
          <span
            className="sc-fjdhpX FzRiJ"
          >
            @ladybeard
          </span>
        </h2>
      </header>
      <p
        className="sc-gqjmRU sc-kAzzGY ctCWvU"
      >
        tweet tweet tweet
      </p>
    </article>
  </li>
  <li>
    <article
      className="sc-jzJRlG dFsfHb"
    >
      <header
        className="sc-chPdSV iJfIXb"
      >
        <img
          alt="Randy"
          className="sc-jTzLTM fkBueS"
          src="http://cdn.onlinewebfonts.com/svg/img_191958.png"
        />
        <h2
          className="sc-cSHVUG eRmrdv"
        >
          Randy
           
          <span
            className="sc-fjdhpX FzRiJ"
          >
            @randyroute
          </span>
        </h2>
      </header>
      <p
        className="sc-gqjmRU sc-kAzzGY ctCWvU"
      >
        tweet tweet tweet
      </p>
    </article>
  </li>
</ul>
`;
