// Jest Snapshot v1, https://goo.gl/fbAQLP

exports[`Login matches a snapshot 1`] = `
<body>
  <header>
    <h1>
      Warble
    </h1>
    <img
      src="../assets/logo.png"
      width="40px"
    />
  </header>
  <aside>
    <h2>
      JOIN TWITTER
    </h2>
    <ul>
      <li>
        Explore
      </li>
      <li>
        Connect
      </li>
      <li>
        Share
      </li>
    </ul>
  </aside>
  <main>
    <label>
       Username
      <input
        type="text"
      />
    </label>
    <label>
       Password
      <input
        type="text"
      />
    </label>
    <button
      type="submit"
    >
      Login
    </button>
  </main>
  <footer>
    <p>
      Â© Warble | 2019 
    </p>
  </footer>
</body>
`;
