// Jest Snapshot v1, https://goo.gl/fbAQLP

exports[`Comment component tests renders the Comment component correctly 1`] = `
<input
  type="text"
/>
`;
