// Jest Snapshot v1, https://goo.gl/fbAQLP

exports[`Tweets Test mathes a snapshot 1`] = `
<section>
  <ul>
    <li>
      tweets
    </li>
  </ul>
</section>
`;
