// Jest Snapshot v1, https://goo.gl/fbAQLP

exports[`Home matches a snapshot 1`] = `
<Fragment>
  <main>
    <section
      id="all-tweets"
    >
      <article
        style={
          Object {
            "padding": ".8em",
          }
        }
      >
        <img
          alt="profile-pic"
          src="../assets/circle_sm.png"
          style={
            Object {
              "float": "left",
              "padding": ".1em .5em 0 0",
            }
          }
        />
        <h3
          style={
            Object {
              "display": "inline",
            }
          }
        >
          Aasdfa
        </h3>
        <br />
        <span>
          Lorem ipsum dolor sit amet, uioua adipiscing elit, sed do eiusmod. #asdfasdf #tehklj
        </span>
      </article>
      <article
        style={
          Object {
            "padding": ".8em",
          }
        }
      >
        <img
          alt="profile-pic"
          src="../assets/circle_sm.png"
          style={
            Object {
              "float": "left",
              "padding": ".1em .5em 0 0",
            }
          }
        />
        <h3
          style={
            Object {
              "display": "inline",
            }
          }
        >
          Tio
        </h3>
        <br />
        <span>
          Ut enim ad minim veniam, @jlakdsf quis nostrud #lkjasfd
        </span>
      </article>
      <article
        style={
          Object {
            "padding": ".8em",
          }
        }
      >
        <img
          alt="profile-pic"
          src="../assets/circle_sm.png"
          style={
            Object {
              "float": "left",
              "padding": ".1em .5em 0 0",
            }
          }
        />
        <h3
          style={
            Object {
              "display": "inline",
            }
          }
        >
          SssSss
        </h3>
        <br />
        <span>
          Duis aute irure dolor in @reprehenderit in voluptate velit esse #cillum #lkjlkjlkj
        </span>
      </article>
      <article
        style={
          Object {
            "padding": ".8em",
          }
        }
      >
        <img
          alt="profile-pic"
          src="../assets/circle_sm.png"
          style={
            Object {
              "float": "left",
              "padding": ".1em .5em 0 0",
            }
          }
        />
        <h3
          style={
            Object {
              "display": "inline",
            }
          }
        >
          Zzzelkj
        </h3>
        <br />
        <span>
          Excepteur sint occaecat cupidatat, 90 - 69 qui officia deserunt @asdf #asdfasdf
        </span>
      </article>
      <article
        style={
          Object {
            "padding": ".8em",
          }
        }
      >
        <img
          alt="profile-pic"
          src="../assets/circle_sm.png"
          style={
            Object {
              "float": "left",
              "padding": ".1em .5em 0 0",
            }
          }
        />
        <h3
          style={
            Object {
              "display": "inline",
            }
          }
        >
          Ulkj78
        </h3>
        <br />
        <span>
          Consectetur adipiscing elit, sed do eiusmod tempor incididunt ut labore jklej oiugj!
        </span>
      </article>
    </section>
  </main>
</Fragment>
`;
