// Jest Snapshot v1, https://goo.gl/fbAQLP

exports[`HumForm snapshot can match a snapshot 1`] = `ShallowWrapper {}`;
