// Jest Snapshot v1, https://goo.gl/fbAQLP

exports[`Humfeed Snapshot can match a snapshot 1`] = `ShallowWrapper {}`;
