// Jest Snapshot v1, https://goo.gl/fbAQLP

exports[`Footer snapshot can match a snapshot 1`] = `
<footer
  className="sc-bdVaJa caCCep"
>
  <p>
    Â© Hummingbird, 2019
  </p>
</footer>
`;
