// Jest Snapshot v1, https://goo.gl/fbAQLP

exports[`Notifications matches a snapshot 1`] = `
<article>
  <header>
    <h2>
      Notifications
    </h2>
  </header>
  <ul />
</article>
`;
