// Jest Snapshot v1, https://goo.gl/fbAQLP

exports[`App matches a snapshot 1`] = `
Array [
  <header>
    <h1>
      Tweeter
    </h1>
    <nav>
      <ul>
        <li>
          <a
            href="/"
          >
            Home
          </a>
        </li>
        <li>
          <a
            href="/search"
          >
            Search
          </a>
        </li>
      </ul>
    </nav>
  </header>,
  <section>
    <h2>
      Ball is Life
    </h2>
    <h3>
      Jackmerius Tacktheritrix
    </h3>
    <p>
      Ball everyday!
    </p>
    <img
      alt="placeholder"
      src="https://via.placeholder.com/300"
    />
    <h2>
      Trade Alert!
    </h2>
    <h3>
      Hingle McCringleberry
    </h3>
    <p>
      Player traded!
    </p>
    <img
      alt="placeholder"
      src="https://via.placeholder.com/300"
    />
    <h2>
      Baller Alert!
    </h2>
    <h3>
      Davoin Shower-Handel
    </h3>
    <p>
      Player injured!
    </p>
    <img
      alt="placeholder"
      src="https://via.placeholder.com/300"
    />
  </section>,
  <footer>
    <h2>
      Footer
    </h2>
    <nav>
      <ul>
        <li>
          <a
            href="/"
          >
            Home
          </a>
        </li>
        <li>
          <a
            href="/search"
          >
            Search
          </a>
        </li>
      </ul>
    </nav>
  </footer>,
]
`;
